ffmpeg version 9.0.1-essentials_build-www.gyan.dev Copyright (c) 2000-2026 the FFmpeg developers
  built with gcc 16.1.0 (Rev2, Built by MSYS2 project)
  configuration: --enable-gpl --enable-version3 --enable-static --disable-w32threads --disable-autodetect --enable-cairo --enable-fontconfig --enable-iconv --enable-gnutls --enable-libxml2 --enable-gmp --enable-bzlib --enable-lzma --enable-zlib --enable-libsrt --enable-libssh --enable-libzmq --enable-avisynth --enable-sdl2 --enable-libwebp --enable-libx264 --enable-libx265 --enable-libxvid --enable-libaom --enable-libopenjpeg --enable-libvpx --enable-mediafoundation --enable-libass --enable-libfreetype --enable-libfribidi --enable-libharfbuzz --enable-libvidstab --enable-libvmaf --enable-libzimg --enable-amf --enable-cuda-llvm --enable-cuvid --enable-dxva2 --enable-d3d11va --enable-d3d12va --enable-ffnvcodec --enable-libvpl --enable-nvdec --enable-nvenc --enable-vaapi --enable-openal --enable-libgme --enable-libopenmpt --enable-libopencore-amrwb --enable-libmp3lame --enable-libtheora --enable-libvo-amrwbenc --enable-libgsm --enable-libopencore-amrnb --enable-libopus --enable-libspeex --enable-libvorbis --enable-librubberband
  libavutil      61.  1.101 / 61.  1.101
  libavcodec     63.  1.101 / 63.  1.101
  libavformat    63.  1.101 / 63.  1.101
  libavdevice    63.  1.101 / 63.  1.101
  libavfilter    12.  1.101 / 12.  1.101
  libswscale     10.  1.101 / 10.  1.101
  libswresample   7.  1.101 /  7.  1.101
Input #0, mov,mp4,m4a,3gp,3g2,mj2, from 'out/M00/smoke-full.mp4':
  Metadata:
    minor_version   : 512;512
    major_brand     : isom;isom
    compatible_brands: isomiso2avc1mp41;isomiso2avc1mp41
    hyperframes_version: 0.8.132
    hyperframes_renderer: hyperframes
    encoder         : Lavf63.1.101
  Duration: 00:00:02.00, start: 0.000000, bitrate: 727 kb/s
  Stream #0:0[0x1](und): Video: h264 (High) (avc1 / 0x31637661), yuv420p(tv, bt709, progressive), 1080x1920 [SAR 1:1 DAR 9:16], 694 kb/s, 60 fps, 60 tbr, 15360 tbn (default)
    Metadata:
      handler_name    : VideoHandler
      encoder         : Lavc63.1.101 libx264
  Stream #0:1[0x2](und): Audio: aac (LC) (mp4a / 0x6134706D), 48000 Hz, stereo, fltp, 16 kb/s (default)
    Metadata:
      handler_name    : SoundHandler
Stream mapping:
  Stream #0:0 -> #0:0 (h264 (native) -> h264 (libx264))
  Stream #0:1 -> #0:1 (copy)
Press [q] to stop, [?] for help
[libx264 @ 00000279b7f08080] using SAR=1/1
[libx264 @ 00000279b7f08080] using cpu capabilities: MMX2 SSE2Fast SSSE3 SSE4.2 AVX FMA3 BMI2 AVX2
[libx264 @ 00000279b7f08080] profile High, level 3.2, 4:2:0, 8-bit
[libx264 @ 00000279b7f08080] 264 - core 165 r3223 0480cb0 - H.264/MPEG-4 AVC codec - Copyleft 2003-2025 - http://www.videolan.org/x264.html - options: cabac=1 ref=3 deblock=1:0:0 analyse=0x3:0x113 me=hex subme=7 psy=1 psy_rd=1.00:0.00 mixed_ref=1 me_range=16 chroma_me=1 trellis=1 8x8dct=1 cqm=0 deadzone=21,11 fast_pskip=1 chroma_qp_offset=-2 threads=24 lookahead_threads=4 sliced_threads=0 nr=0 decimate=1 interlaced=0 bluray_compat=0 constrained_intra=0 bframes=3 b_pyramid=2 b_adapt=1 b_bias=0 direct=1 weightb=1 open_gop=0 weightp=2 keyint=250 keyint_min=25 scenecut=40 intra_refresh=0 rc_lookahead=40 rc=crf mbtree=1 crf=16.0 qcomp=0.60 qpmin=0 qpmax=69 qpstep=4 ip_ratio=1.40 aq=1:1.00
Output #0, mp4, to 'out/M00/smoke-review.mp4':
  Metadata:
    minor_version   : 512;512
    major_brand     : isom;isom
    compatible_brands: isomiso2avc1mp41;isomiso2avc1mp41
    hyperframes_version: 0.8.132
    hyperframes_renderer: hyperframes
    encoder         : Lavf63.1.101
  Stream #0:0(und): Video: h264 (avc1 / 0x31637661), yuv420p(tv, bt709, progressive), 540x960 [SAR 1:1 DAR 9:16], q=2-31, 60 fps, 15360 tbn (default)
    Metadata:
      encoder         : Lavc63.1.101 libx264
      handler_name    : VideoHandler
    Side data:
      CPB properties: bitrate max/min/avg: 0/0/0 buffer size: 0 vbv_delay: N/A
  Stream #0:1(und): Audio: aac (LC) (mp4a / 0x6134706D), 48000 Hz, stereo, fltp, 16 kb/s (default)
    Metadata:
      handler_name    : SoundHandler
[mp4 @ 00000279b6434280] Starting second pass: moving the moov atom to the beginning of the file
[out#0/mp4 @ 00000279b6426640] video:53KiB audio:4KiB subtitle:0KiB other streams:0KiB global headers:0KiB muxing overhead: 7.839659%
frame=  120 fps=0.0 q=-1.0 Lsize=      62KiB time=00:00:02.00 bitrate= 252.9kbits/s speed=4.08x elapsed=0:00:00.49
[libx264 @ 00000279b7f08080] frame I:1     Avg QP: 7.17  size: 13340
[libx264 @ 00000279b7f08080] frame P:41    Avg QP:12.20  size:   793
[libx264 @ 00000279b7f08080] frame B:78    Avg QP:10.61  size:   100
[libx264 @ 00000279b7f08080] consecutive B-frames:  9.2% 10.0%  7.5% 73.3%
[libx264 @ 00000279b7f08080] mb I  I16..4: 76.1% 11.9% 12.0%
[libx264 @ 00000279b7f08080] mb P  I16..4:  2.8%  0.8%  0.2%  P16..4:  2.3%  0.4%  0.2%  0.0%  0.0%    skip:93.3%
[libx264 @ 00000279b7f08080] mb B  I16..4:  0.2%  0.1%  0.0%  B16..8:  1.6%  0.2%  0.0%  direct: 0.2%  skip:97.7%  L0:38.1% L1:53.9% BI: 8.0%
[libx264 @ 00000279b7f08080] 8x8 transform intra:17.5% inter:43.8%
[libx264 @ 00000279b7f08080] coded y,uvDC,uvAC intra: 7.0% 7.4% 5.9% inter: 0.3% 0.6% 0.1%
[libx264 @ 00000279b7f08080] i16 v,h,dc,p: 58% 40%  1%  0%
[libx264 @ 00000279b7f08080] i8 v,h,dc,ddl,ddr,vr,hd,vl,hu: 51% 18% 27%  0%  1%  1%  1%  1%  1%
[libx264 @ 00000279b7f08080] i4 v,h,dc,ddl,ddr,vr,hd,vl,hu: 40% 25% 16%  3%  4%  3%  3%  3%  3%
[libx264 @ 00000279b7f08080] i8c dc,h,v,p: 73% 21%  6%  0%
[libx264 @ 00000279b7f08080] Weighted P-Frames: Y:0.0% UV:0.0%
[libx264 @ 00000279b7f08080] ref P L0: 80.5%  9.2%  8.5%  1.8%
[libx264 @ 00000279b7f08080] ref B L0: 64.2% 31.8%  4.0%
[libx264 @ 00000279b7f08080] ref B L1: 92.5%  7.5%
[libx264 @ 00000279b7f08080] kb/s:214.60
